---
source: crates/core/tests/errors.rs
expression: error
---
RusticError {
    kind: Io,
    guidance: "Prepended guidance line\nA file could not be read, make sure the file is existing and readable by the system.\nAppended guidance line",
    context: [
        (
            "path",
            "/path/to/file",
        ),
        (
            "called",
            "used s3 backend",
        ),
    ],
    source: Some(
        Custom {
            kind: Other,
            error: "networking error",
        },
    ),
    severity: Some(
        Error,
    ),
    status: Some(
        Permanent,
    ),
    docs_url: None,
    error_code: Some(
        "C001",
    ),
    new_issue_url: None,
    existing_issue_url: None,
    ask_report: true,
    backtrace: Some(
        <disabled>,
    ),
}
