---
source: crates/core/tests/integration.rs
expression: snap
---
[
  (SnapshotGroup(
    tags: "[tags]",
  ), [
    SnapshotFile(
      time: "[time]",
      program_version: "rustic [rustic_core_version]",
      tree: "[tree_id]",
      paths: StringList([
        "test",
      ]),
      hostname: "",
      username: "",
      uid: 0,
      gid: 0,
      tags: "[tags]",
      original: Some(Id("8e73284dc2932e02d98b731b01f2bb869b6beb6917d329538589397da96f4516")),
      summary: Some(SnapshotSummary(
        files_new: 73,
        files_changed: 0,
        files_unmodified: 0,
        total_files_processed: 73,
        total_bytes_processed: 1125674,
        dirs_new: 6,
        dirs_changed: 0,
        dirs_unmodified: 0,
        total_dirs_processed: 6,
        total_dirsize_processed: "[total_dirsize_processed]",
        data_blobs: 70,
        tree_blobs: 6,
        data_added: "[data_added]",
        data_added_packed: "[data_added_packed]",
        data_added_files: 1125653,
        data_added_files_packed: 78740,
        data_added_trees: "[data_added_trees]",
        data_added_trees_packed: "[data_added_trees_packed]",
        command: "",
        backup_start: "[backup_start]",
        backup_end: "[backup_end]",
        backup_duration: "[backup_duration]",
        total_duration: "[total_duration]",
      )),
      id: "[id]",
    ),
    SnapshotFile(
      time: "[time]",
      program_version: "rustic [rustic_core_version]",
      parent: "[some]",
      tree: "[tree_id]",
      paths: StringList([
        "test",
      ]),
      hostname: "",
      username: "",
      uid: 0,
      gid: 0,
      tags: "[tags]",
      original: Some(Id("f35e73aacc988931fb4ba18bd556e2eace332e4c5285bd9e9cf99323733a950b")),
      summary: Some(SnapshotSummary(
        files_new: 0,
        files_changed: 0,
        files_unmodified: 73,
        total_files_processed: 73,
        total_bytes_processed: 1125682,
        dirs_new: 0,
        dirs_changed: 0,
        dirs_unmodified: 6,
        total_dirs_processed: 6,
        total_dirsize_processed: "[total_dirsize_processed]",
        data_blobs: 0,
        tree_blobs: 0,
        data_added: "[data_added]",
        data_added_packed: "[data_added_packed]",
        data_added_files: 0,
        data_added_files_packed: 0,
        data_added_trees: "[data_added_trees]",
        data_added_trees_packed: "[data_added_trees_packed]",
        command: "",
        backup_start: "[backup_start]",
        backup_end: "[backup_end]",
        backup_duration: "[backup_duration]",
        total_duration: "[total_duration]",
      )),
      id: "[id]",
    ),
  ]),
  (SnapshotGroup(
    tags: "[tags]",
  ), [
    SnapshotFile(
      time: "[time]",
      program_version: "rustic [rustic_core_version]",
      parent: "[some]",
      tree: "[tree_id]",
      paths: StringList([
        "test",
      ]),
      hostname: "latitude",
      username: "",
      uid: 0,
      gid: 0,
      tags: "[tags]",
      original: Some(Id("89a20e891f73f1943ab0f043611a6302fda8a1dc1db156baceff975c97993def")),
      summary: Some(SnapshotSummary(
        files_new: 0,
        files_changed: 0,
        files_unmodified: 73,
        total_files_processed: 73,
        total_bytes_processed: 1125682,
        dirs_new: 0,
        dirs_changed: 0,
        dirs_unmodified: 6,
        total_dirs_processed: 6,
        total_dirsize_processed: "[total_dirsize_processed]",
        data_blobs: 0,
        tree_blobs: 0,
        data_added: "[data_added]",
        data_added_packed: "[data_added_packed]",
        data_added_files: 0,
        data_added_files_packed: 0,
        data_added_trees: "[data_added_trees]",
        data_added_trees_packed: "[data_added_trees_packed]",
        command: "/home/alex-dev/rust/rustic_core/target/debug/deps/integration-17052277a5b56351 --color=auto",
        backup_start: "[backup_start]",
        backup_end: "[backup_end]",
        backup_duration: "[backup_duration]",
        total_duration: "[total_duration]",
      )),
      id: "[id]",
    ),
  ]),
]
