---
source: crates/core/tests/integration.rs
expression: tree
---
Tree(
  nodes: [
    {
      "name": "empty-file",
      "type": "file",
      "mtime": Some("2014-11-30T16:03:11+01:00"),
      "atime": Some("2014-11-30T16:03:11+01:00"),
      "ctime": "[ctime]",
      "content": "[content_id]",
    },
    {
      "name": "testfile",
      "type": "file",
      "mtime": Some("2014-08-09T14:14:20+02:00"),
      "atime": Some("2014-08-09T14:14:20+02:00"),
      "ctime": "[ctime]",
      "size": 21,
      "content": "[content_id]",
    },
    {
      "name": "testfile-hardlink",
      "type": "file",
      "mtime": Some("2014-08-09T14:14:20+02:00"),
      "atime": Some("2014-08-09T14:14:20+02:00"),
      "ctime": "[ctime]",
      "size": 21,
      "content": "[content_id]",
    },
    {
      "name": "testfile-symlink",
      "type": "symlink",
      "linktarget": "testfile",
      "mtime": Some("2014-08-09T14:14:28+02:00"),
      "atime": Some("2014-08-09T14:14:28+02:00"),
      "ctime": "[ctime]",
      "content": "[content_id]",
    },
  ],
)
