---
source: crates/core/tests/integration.rs
expression: tree
---
Tree {
    nodes: [
        Node {
            name: "empty-file",
            node_type: File,
            meta: Metadata {
                mode: Some(
                    420,
                ),
                mtime: Some(
                    2014-11-30T15:03:11+00:00,
                ),
                atime: Some(
                    2014-11-30T15:03:11+00:00,
                ),
                ctime: Some(
                    2024-03-13T00:51:39.490651139+00:00,
                ),
                uid: Some(
                    1001,
                ),
                gid: Some(
                    127,
                ),
                user: Some(
                    "runner",
                ),
                group: Some(
                    "docker",
                ),
                inode: 67865,
                device_id: 2065,
                size: 0,
                links: 1,
                extended_attributes: [],
            },
            content: Some(
                [],
            ),
            subtree: None,
        },
        Node {
            name: "testfile",
            node_type: File,
            meta: Metadata {
                mode: Some(
                    420,
                ),
                mtime: Some(
                    2014-08-09T12:14:20+00:00,
                ),
                atime: Some(
                    2014-08-09T12:14:20+00:00,
                ),
                ctime: Some(
                    2024-03-13T00:51:39.490651139+00:00,
                ),
                uid: Some(
                    1001,
                ),
                gid: Some(
                    127,
                ),
                user: Some(
                    "runner",
                ),
                group: Some(
                    "docker",
                ),
                inode: 67860,
                device_id: 2065,
                size: 21,
                links: 2,
                extended_attributes: [],
            },
            content: Some(
                [
                    649b8b471e7d7bc175eec758a7006ac693c434c8297c07db15286788c837154a,
                ],
            ),
            subtree: None,
        },
        Node {
            name: "testfile-hardlink",
            node_type: File,
            meta: Metadata {
                mode: Some(
                    420,
                ),
                mtime: Some(
                    2014-08-09T12:14:20+00:00,
                ),
                atime: Some(
                    2014-08-09T12:14:20+00:00,
                ),
                ctime: Some(
                    2024-03-13T00:51:39.490651139+00:00,
                ),
                uid: Some(
                    1001,
                ),
                gid: Some(
                    127,
                ),
                user: Some(
                    "runner",
                ),
                group: Some(
                    "docker",
                ),
                inode: 67860,
                device_id: 2065,
                size: 21,
                links: 2,
                extended_attributes: [],
            },
            content: Some(
                [
                    649b8b471e7d7bc175eec758a7006ac693c434c8297c07db15286788c837154a,
                ],
            ),
            subtree: None,
        },
        Node {
            name: "testfile-symlink",
            node_type: Symlink {
                linktarget: "testfile",
                linktarget_raw: None,
            },
            meta: Metadata {
                mode: Some(
                    134218239,
                ),
                mtime: Some(
                    2014-08-09T12:14:28+00:00,
                ),
                atime: Some(
                    2014-08-09T12:14:28+00:00,
                ),
                ctime: Some(
                    2024-03-13T00:51:39.490651139+00:00,
                ),
                uid: Some(
                    1001,
                ),
                gid: Some(
                    127,
                ),
                user: Some(
                    "runner",
                ),
                group: Some(
                    "docker",
                ),
                inode: 67867,
                device_id: 2065,
                size: 8,
                links: 1,
                extended_attributes: [],
            },
            content: None,
            subtree: None,
        },
    ],
}
