---
source: crates/core/tests/integration.rs
expression: tree
---
Tree(
  nodes: [
    {
      "name": "empty-file",
      "type": "file",
      "mtime": "[some]",
      "atime": "[some]",
      "ctime": "[some]",
      "content": "[content_id]",
    },
    {
      "name": "testfile",
      "type": "file",
      "mtime": "[some]",
      "atime": "[some]",
      "ctime": "[some]",
      "size": 21,
      "content": "[content_id]",
    },
    {
      "name": "testfile-hardlink",
      "type": "file",
      "mtime": "[some]",
      "atime": "[some]",
      "ctime": "[some]",
      "size": 21,
      "content": "[content_id]",
    },
    {
      "name": "testfile-symlink",
      "type": "symlink",
      "linktarget": "testfile",
      "mtime": "[some]",
      "atime": "[some]",
      "ctime": "[some]",
      "content": "[content_id]",
    },
  ],
)
